// Jest Snapshot v1, https://goo.gl/fbAQLP

exports[`ListScreen should render component 1`] = `
<View
  style={
    Object {
      "flex": 1,
    }
  }
>
  <FlatList
    bounces={false}
    contentContainerStyle={
      Object {
        "backgroundColor": "#000000",
        "width": 750,
      }
    }
    data={
      Array [
        Object {
          "category": "fast food",
          "name": "McDonalds",
        },
      ]
    }
    disableVirtualization={false}
    horizontal={false}
    initialNumToRender={10}
    keyExtractor={[Function]}
    maxToRenderPerBatch={10}
    numColumns={1}
    onEndReachedThreshold={2}
    removeClippedSubviews={false}
    renderItem={[Function]}
    scrollEventThrottle={50}
    updateCellsBatchingPeriod={50}
    windowSize={21}
  />
</View>
`;
