// Jest Snapshot v1, https://goo.gl/fbAQLP

exports[`InternetsScreen should render component 1`] = `
<View
  style={
    Object {
      "flex": 1,
    }
  }
>
  <WebView
    cacheEnabled={true}
    originWhitelist={
      Array [
        "http://*",
        "https://*",
      ]
    }
    source={
      Object {
        "uri": "https://www.bottlerocketstudios.com/",
      }
    }
    useSharedProcessPool={true}
    useWebKit={true}
  />
</View>
`;
